// Jest Snapshot v1, https://goo.gl/fbAQLP

exports[`contains all components 1`] = `ReactWrapper {}`;
